root@nat64:/# ip a
1: lo: <LOOPBACK,UP,LOWER_UP> mtu 65536 qdisc noqueue state UNKNOWN group default qlen 1000
    link/loopback 00:00:00:00:00:00 brd 00:00:00:00:00:00
    inet 127.0.0.1/8 scope host lo
       valid_lft forever preferred_lft forever
    inet6 ::1/128 scope host proto kernel_lo 
       valid_lft forever preferred_lft forever
2: eth1@if129: <BROADCAST,MULTICAST,UP,LOWER_UP> mtu 1500 qdisc noqueue state UP group default 
    link/ether de:b7:ca:bd:a5:7a brd ff:ff:ff:ff:ff:ff link-netnsid 0
    inet 172.17.0.2/16 brd 172.17.255.255 scope global eth1
       valid_lft forever preferred_lft forever
3: nat64: <POINTOPOINT,MULTICAST,NOARP,UP,LOWER_UP> mtu 1500 qdisc fq_codel state UP group default qlen 500
    link/none 
    inet6 fe80::c961:9d30:52c7:3a34/64 scope link stable-privacy proto kernel_ll 
       valid_lft forever preferred_lft forever
127: eth0: <BROADCAST,MULTICAST,UP,LOWER_UP> mtu 1500 qdisc fq_codel state UP group default qlen 1000
    link/ether 4e:d9:71:26:47:f6 brd ff:ff:ff:ff:ff:ff
    inet6 fe80::4cd9:71ff:fe26:47f6/64 scope link proto kernel_ll 
       valid_lft forever preferred_lft forever
root@nat64:/# cat /var/log/startup.log 
++ echo TAYGA_CONF_IPV4_ADDR=172.18.0.100
++ tee -a /etc/environment
TAYGA_CONF_IPV4_ADDR=172.18.0.100
++ echo TAYGA_CONF_PREFIX=2001:db8:64:ff9b::/96
++ tee -a /etc/environment
TAYGA_CONF_PREFIX=2001:db8:64:ff9b::/96
++ echo TAYGA_CONF_DYNAMIC_POOL=172.18.0.0/24
++ tee -a /etc/environment
TAYGA_CONF_DYNAMIC_POOL=172.18.0.0/24
++ source /etc/environment
+++ TAYGA_CONF_IPV4_ADDR=172.18.0.100
+++ TAYGA_CONF_PREFIX=2001:db8:64:ff9b::/96
+++ TAYGA_CONF_DYNAMIC_POOL=172.18.0.0/24
++ mkdir -p /var/db/tayga /usr/local/etc
++ cat
++ tayga -c /usr/local/etc/tayga.conf --mktun
Created persistent tun device nat64
++ ip link set nat64 up
++ ip route add 172.18.0.0/24 dev nat64
++ ip route add 2001:db8:64:ff9b::/96 dev nat64
++ ip -6 address add fd00:dead:beef::100/48 dev eth1
RTNETLINK answers: Permission denied
++ echo 'nameserver 8.8.8.8'
++ tayga -c /usr/local/etc/tayga.conf -d
root@nat64:/# sysctl -p
root@nat64:/#  ip -6 address add fd00:dead:beef::100/48 dev eth1
RTNETLINK answers: Permission denied
root@nat64:/# nano /etc/
Display all 127 possibilities? (y or n)
root@nat64:/# nano /etc/sysctl.conf 
root@nat64:/# sysctl -p
net.ipv6.conf.all.disable_ipv6 = 0
net.ipv6.conf.all.forwarding = 1
root@nat64:/# ip -6 address add fd00:dead:beef::100/48 dev eth1
root@nat64:/# ip a
1: lo: <LOOPBACK,UP,LOWER_UP> mtu 65536 qdisc noqueue state UNKNOWN group default qlen 1000
    link/loopback 00:00:00:00:00:00 brd 00:00:00:00:00:00
    inet 127.0.0.1/8 scope host lo
       valid_lft forever preferred_lft forever
    inet6 ::1/128 scope host proto kernel_lo 
       valid_lft forever preferred_lft forever
2: eth1@if129: <BROADCAST,MULTICAST,UP,LOWER_UP> mtu 1500 qdisc noqueue state UP group default 
    link/ether de:b7:ca:bd:a5:7a brd ff:ff:ff:ff:ff:ff link-netnsid 0
    inet 172.17.0.2/16 brd 172.17.255.255 scope global eth1
       valid_lft forever preferred_lft forever
    inet6 fd00:dead:beef::100/48 scope global 
       valid_lft forever preferred_lft forever
    inet6 fe80::dcb7:caff:febd:a57a/64 scope link proto kernel_ll 
       valid_lft forever preferred_lft forever
3: nat64: <POINTOPOINT,MULTICAST,NOARP,UP,LOWER_UP> mtu 1500 qdisc fq_codel state UP group default qlen 500
    link/none 
    inet6 fe80::c961:9d30:52c7:3a34/64 scope link stable-privacy proto kernel_ll 
       valid_lft forever preferred_lft forever
127: eth0: <BROADCAST,MULTICAST,UP,LOWER_UP> mtu 1500 qdisc fq_codel state UP group default qlen 1000
    link/ether 4e:d9:71:26:47:f6 brd ff:ff:ff:ff:ff:ff
    inet6 fe80::4cd9:71ff:fe26:47f6/64 scope link proto kernel_ll 
       valid_lft forever preferred_lft forever
